------------------------------------------------------------
Timing Analyzer Summary
------------------------------------------------------------

Type  : Slow 1100mV 85C Model Setup 'clk'
Slack : -1.478
TNS   : -5.884

Type  : Slow 1100mV 85C Model Hold 'clk'
Slack : 0.530
TNS   : 0.000

Type  : Slow 1100mV 85C Model Minimum Pulse Width 'clk'
Slack : -0.724
TNS   : -4.460

Type  : Slow 1100mV 0C Model Setup 'clk'
Slack : -1.568
TNS   : -6.243

Type  : Slow 1100mV 0C Model Hold 'clk'
Slack : 0.572
TNS   : 0.000

Type  : Slow 1100mV 0C Model Minimum Pulse Width 'clk'
Slack : -0.724
TNS   : -4.460

Type  : Fast 1100mV 85C Model Setup 'clk'
Slack : 0.022
TNS   : 0.000

Type  : Fast 1100mV 85C Model Hold 'clk'
Slack : 0.183
TNS   : 0.000

Type  : Fast 1100mV 85C Model Minimum Pulse Width 'clk'
Slack : -0.088
TNS   : -0.348

Type  : Fast 1100mV 0C Model Setup 'clk'
Slack : 0.070
TNS   : 0.000

Type  : Fast 1100mV 0C Model Hold 'clk'
Slack : 0.173
TNS   : 0.000

Type  : Fast 1100mV 0C Model Minimum Pulse Width 'clk'
Slack : -0.087
TNS   : -0.344

------------------------------------------------------------
