------------------------------------------------------------
Timing Analyzer Summary
------------------------------------------------------------

Type  : Slow 1100mV 85C Model Setup 'clk'
Slack : -1.423
TNS   : -23.327

Type  : Slow 1100mV 85C Model Hold 'clk'
Slack : 0.301
TNS   : 0.000

Type  : Slow 1100mV 85C Model Minimum Pulse Width 'clk'
Slack : -0.724
TNS   : -53.565

Type  : Slow 1100mV 0C Model Setup 'clk'
Slack : -1.524
TNS   : -23.821

Type  : Slow 1100mV 0C Model Hold 'clk'
Slack : 0.292
TNS   : 0.000

Type  : Slow 1100mV 0C Model Minimum Pulse Width 'clk'
Slack : -0.724
TNS   : -53.465

Type  : Fast 1100mV 85C Model Setup 'clk'
Slack : 0.041
TNS   : 0.000

Type  : Fast 1100mV 85C Model Hold 'clk'
Slack : 0.144
TNS   : 0.000

Type  : Fast 1100mV 85C Model Minimum Pulse Width 'clk'
Slack : -0.090
TNS   : -4.183

Type  : Fast 1100mV 0C Model Setup 'clk'
Slack : 0.092
TNS   : 0.000

Type  : Fast 1100mV 0C Model Hold 'clk'
Slack : 0.132
TNS   : 0.000

Type  : Fast 1100mV 0C Model Minimum Pulse Width 'clk'
Slack : -0.088
TNS   : -4.138

------------------------------------------------------------
